print Terminal

Last login: Sun May 26 09:14:22 on console
LT20334:~ t.denblanken$ cd /Users/t.denblanken/Sites/testsites/LOTRbootstrap2019
LT20334:LOTRbootstrap2019 t.denblanken$ npm init
This utility will walk you through creating a package.json file.
It only covers the most common items, and tries to guess sensible defaults.

See `npm help json` for definitive documentation on these fields
and exactly what they do.

Use `npm install <pkg>` afterwards to install a package and
save it as a dependency in the package.json file.

Press ^C at any time to quit.
package name: (lotrbootstrap2019) lotrbootstrap
version: (1.0.0)
description: een kennismaking met Bootstrap
entry point: (index.js)
test command:
git repository: https://github.com/Theo-denBlanken/LOTR.git
keywords: LOTR, Lord of the Rings
author: Theo den Blanken
license: (ISC) MIT
About to write to /Users/t.denblanken/Sites/testsites/LOTRbootstrap2019/package.json:

{
  "name": "lotrbootstrap",
  "version": "1.0.0",
  "description": "een kennismaking met Bootstrap",
  "main": "index.js",
  "scripts": {
    "test": "echo \"Error: no test specified\" && exit 1"
  },
  "repository": {
    "type": "git",
    "url": "git+https://github.com/Theo-denBlanken/LOTR.git"
  },
  "keywords": [
    "LOTR",
    "Lord",
    "of",
    "the",
    "Rings"
  ],
  "author": "Theo den Blanken",
  "license": "MIT",
  "bugs": {
    "url": "https://github.com/Theo-denBlanken/LOTR/issues"
  },
  "homepage": "https://github.com/Theo-denBlanken/LOTR#readme"
}


Is this OK? (yes)
LT20334:LOTRbootstrap2019 t.denblanken$ git init
Initialized empty Git repository in /Users/t.denblanken/Sites/testsites/LOTRbootstrap2019/.git/
LT20334:LOTRbootstrap2019 t.denblanken$ npm intall bootstrap

Usage: npm <command>

where <command> is one of:
    access, adduser, audit, bin, bugs, c, cache, ci, cit,
    completion, config, create, ddp, dedupe, deprecate,
    dist-tag, docs, doctor, edit, explore, get, help,
    help-search, hook, i, init, install, install-test, it, link,
    list, ln, login, logout, ls, outdated, owner, pack, ping,
    prefix, profile, prune, publish, rb, rebuild, repo, restart,
    root, run, run-script, s, se, search, set, shrinkwrap, star,
    stars, start, stop, t, team, test, token, tst, un,
    uninstall, unpublish, unstar, up, update, v, version, view,
    whoami

npm <command> -h  quick help on <command>
npm -l            display full usage info
npm help <term>   search for help on <term>
npm help npm      involved overview

Specify configs in the ini-formatted file:
    /Users/t.denblanken/.npmrc
or on the command line via: npm <command> --key value
Config info can be viewed via: npm help config

npm@6.4.1 /usr/local/lib/node_modules/npm

Did you mean one of these?
    install
    uninstall
LT20334:LOTRbootstrap2019 t.denblanken$ npm install bootstrap
npm notice created a lockfile as package-lock.json. You should commit this file.
npm WARN bootstrap@4.3.1 requires a peer of jquery@1.9.1 - 3 but none is installed. You must install peer dependencies yourself.
npm WARN bootstrap@4.3.1 requires a peer of popper.js@^1.14.7 but none is installed. You must install peer dependencies yourself.

+ bootstrap@4.3.1
added 1 package from 2 contributors and audited 1 package in 1.301s
found 0 vulnerabilities

LT20334:LOTRbootstrap2019 t.denblanken$ npn install jquery
-bash: npn: command not found
LT20334:LOTRbootstrap2019 t.denblanken$ npm install jquery
npm WARN bootstrap@4.3.1 requires a peer of popper.js@^1.14.7 but none is installed. You must install peer dependencies yourself.

+ jquery@3.4.1
added 1 package from 1 contributor and audited 2 packages in 1.294s
found 0 vulnerabilities

LT20334:LOTRbootstrap2019 t.denblanken$ npm install popper.js --save
+ popper.js@1.15.0
added 1 package from 2 contributors and audited 3 packages in 1.213s
found 0 vulnerabilities

LT20334:LOTRbootstrap2019 t.denblanken$ npm install jquery-match-height
+ jquery-match-height@0.7.2
added 1 package from 1 contributor and audited 4 packages in 1.427s
found 0 vulnerabilities

LT20334:LOTRbootstrap2019 t.denblanken$ git add README.md
LT20334:LOTRbootstrap2019 t.denblanken$ git add startDoc.html
LT20334:LOTRbootstrap2019 t.denblanken$ git add img/\*.jpg
LT20334:LOTRbootstrap2019 t.denblanken$ git add fonts/\*
LT20334:LOTRbootstrap2019 t.denblanken$ git commit -m "eerste versie"
[master (root-commit) daecb1b] eerste versie
 16 files changed, 580 insertions(+)
 create mode 100644 README.md
 create mode 100755 fonts/glyphicons-halflings-regular.eot
 create mode 100755 fonts/glyphicons-halflings-regular.svg
 create mode 100755 fonts/glyphicons-halflings-regular.ttf
 create mode 100755 fonts/glyphicons-halflings-regular.woff
 create mode 100644 img/fellowshipOfTheRings.jpg
 create mode 100755 img/frodoRing.jpg
 create mode 100755 img/leolas.jpg
 create mode 100644 img/lord-of-the-rings-two-towers.jpg
 create mode 100755 img/lotrGroot.jpg
 create mode 100755 img/lotrKlein.jpg
 create mode 100755 img/lotrMiddel.jpg
 create mode 100755 img/nazgulruiters.jpg
 create mode 100644 img/returnOfTheKing.jpg
 create mode 100755 img/verberg.jpg
 create mode 100644 startDoc.html
LT20334:LOTRbootstrap2019 t.denblanken$ git remote add origin https://github.com/Theo-denBlanken/LOTR.git
LT20334:LOTRbootstrap2019 t.denblanken$ git push -u origin master
Counting objects: 20, done.
Delta compression using up to 4 threads.
Compressing objects: 100% (20/20), done.
Writing objects: 100% (20/20), 1.23 MiB | 1.32 MiB/s, done.
Total 20 (delta 0), reused 0 (delta 0)
To https://github.com/Theo-denBlanken/LOTR.git
 * [new branch]      master -> master
Branch master set up to track remote branch master from origin.
LT20334:LOTRbootstrap2019 t.denblanken$ git add README.md
LT20334:LOTRbootstrap2019 t.denblanken$ git commit -m "link naar YouTube resultaat"
[master ef6fd47] link naar YouTube resultaat
 1 file changed, 2 insertions(+)
LT20334:LOTRbootstrap2019 t.denblanken$ git push -u origin master
Counting objects: 3, done.
Delta compression using up to 4 threads.
Compressing objects: 100% (3/3), done.
Writing objects: 100% (3/3), 441 bytes | 0 bytes/s, done.
Total 3 (delta 1), reused 0 (delta 0)
remote: Resolving deltas: 100% (1/1), completed with 1 local object.
To https://github.com/Theo-denBlanken/LOTR.git
   daecb1b..ef6fd47  master -> master
Branch master set up to track remote branch master from origin.
LT20334:LOTRbootstrap2019 t.denblanken$ git add README.md
LT20334:LOTRbootstrap2019 t.denblanken$ git commit -m "Presentatie toegevoegd""
>
LT20334:LOTRbootstrap2019 t.denblanken$ git commit -m "Presentatie toegevoegd"
[master 26c43be] Presentatie toegevoegd
 1 file changed, 3 insertions(+), 1 deletion(-)
LT20334:LOTRbootstrap2019 t.denblanken$ git push -u origin master
Counting objects: 3, done.
Delta compression using up to 4 threads.
Compressing objects: 100% (3/3), done.
Writing objects: 100% (3/3), 490 bytes | 0 bytes/s, done.
Total 3 (delta 1), reused 0 (delta 0)
remote: Resolving deltas: 100% (1/1), completed with 1 local object.
To https://github.com/Theo-denBlanken/LOTR.git
   ef6fd47..26c43be  master -> master
Branch master set up to track remote branch master from origin.
LT20334:LOTRbootstrap2019 t.denblanken$



Lord of the Rings
The Fellowship of the Ring
is het eerste deel van een filmtrilogie The Lord of the Rings, gebaseerd op J.R.R. Tolkiens gelijknamige boek. Het verhaal vertelt over de hobbit Frodo Balings, die een magische ring moet vernietigen voordat de duistere Sauron hem terugvindt.


Lord of the Rings
Een oeroude ring is weer gevonden. Door een ongelukkige samenloop komt deze in het bezit van Frodo. De tovenaar Gandalf ontdekt dat de donkere kracht Sauron naar deze ring op zoek is. Daarom moet de Ring koste wat kost vernietigd worden.

Frodo met de ring


Fantasy
Het verhaal speelt zich af in fantasy-wereld: Middle-earth waar de leefstijl van de mensen doet denken aan onze donkere Middeleeuwen.
De rollen worden ingevuld door mensen en mensachtige wezens zoals Hobbits, Elfen, tovenaars, Orks en dwergen.

Leolas, prins van de Elfen


Boek
In de Ban van de Ring is geschreven door de taalkundige en universitair professor J.R.R. Tolkien.
Het verhaal begon als een vervolg op De Hobbit (1937), maar groeide uit tot een veel groter werk.
Het werd in stadia geschreven tussen 1937 en 1949.

Hobbits verbergen zich voor Nazgul ruiter


Muziek
De filmmuziek van The Fellowship of the Ring is gecomponeerd door Howard Shore, net als de muziek van de andere twee films. Bij deze film zong de Ierse zangeres Enya twee nummers ('Aníron' en 'May it be'). Edward Ross zong de tekst voor het nummer 'In Dreams'.

Nazgul-ruiters in de achtervolging


©
Wikipedia Nederland, https://nl.wikipedia.org/wiki/The_Lord_of_the_Rings
IMDb 2013 https://nl.wikipedia.org/wiki/Internet_Movie_Database


The Fellowship of the Ring
2001

The Two Towers
2002

The Return of the King
2003


Een oeroude ring is weer gevonden. Door een ongelukkige samenloop komt deze in het bezit van Frodo. De tovenaar Gandalf ontdekt dat de donkere kracht Sauron naar deze ring op zoek is.
Daarom moet de Ring koste wat kost vernietigd
worden. Frodo met de ring Fantasy Het verhaal speelt zich af in fantasy-wereld: Middle-earth waar de leefstijl van de mensen doet denken aan onze donkere Middeleeuwen. De rollen worden ingevuld door mensen en mensachtige wezens zoals Hobbits, Elfen,
tovenaars, Orks en dwergen. Leolas, prins van de Elfen Boek In de Ban van de Ring is geschreven door de taalkundige en universitair professor J.R.R. Tolkien. Het verhaal begon als een vervolg op De Hobbit (1937), maar groeide uit tot een veel groter
werk. Het werd in stadia geschreven tussen 1937 en 1949. Hobbits verbergen zich voor Nazgul ruiter Muziek De filmmuziek van The Fellowship of the Ring is gecomponeerd door Howard Shore, net als de muziek van de andere twee films. Bij deze film zong
de Ierse zangeres Enya twee nummers ('Aníron' en 'May it be'). Edward Ross zong de tekst voor het nummer 'In Dreams'. Nazgul-ruiters in de achtervolging



De film begint met een flashback uit de eerste film, waarin nogmaals te zien is hoe Gandalf met de Balrog vecht en samen met de demon in de afgrond stort.

Na het gezelschap te hebben verlaten, reizen Frodo en Sam samen verder naar Mordor. Ze worden achtervolgd door Gollem, die zijn ”lieveling” terug wil. Hij valt de twee aan, maar Frodo slaagt erin Gollem te overmeesteren. Sam wantrouwt Gollem, maar Frodo ziet in Gollem een perfecte gids om hen naar Mordor te leiden. Gollem is immers kort geleden uit Mordor ontsnapt. Gollem stemt toe de twee Hobbits naar Mordor te brengen.

Ondertussen worden de Hobbits Merijn en Pepijn door een groep Uruk-hai naar Isengard gebracht, achtervolgd door Aragorn, Legolas en Gimli. De tocht leidt hen door het koninkrijk van Rohan. De koning van dit rijk, Théoden, is mentaal en fysiek sterk verzwakt door toedoen van zijn dienaar, Gríma Slangtong, die in het geheim voor Saruman werkt. Orks en Uruk-hai houden flink huis in het land en doden onder andere de enige zoon van de koning, Théodred. Théodens neef Éomer doorziet het bedrog van Gríma, maar voor hij iets kan ondernemen wordt hij door Gríma verbannen van het hof. Samen met een groep soldaten die nog loyaal is aan de koning trekt Éomer weg uit het koninkrijk.

Frodo en Sam doorkruisen de Dode Moerassen, alwaar ze bijna worden gezien door de Nazgûl, die nu reizen op vliegende wezens. Gollem brengt de twee Hobbits naar de Zwarte Poort, de toegangspoort naar Mordor, maar die is zwaar bewaakt. Gollem beweert een veiligere weg naar Mordor te kennen.

Die nacht overvallen Éomer en zijn soldaten in Rohan de groep Orks en Uruk-hai die Merijn en Pepijn had ontvoerd. In het gevecht kunnen de twee Hobbits ontkomen. Ze vluchten een bos in, achtervolgd door een Ork die hen wilt opeten. Als Pepijn een boom in klimt, blijkt de boom een Ent te zijn genaamd Boombaard, die de Ork plat trapt. Boombaard neemt Merijn en Pepijn mee naar een witte Tovenaar.

Éomer komt later Aragorn, Legolas en Gimli tegen, en vertelt hen over de slachtpartij. Het drietal haast zich naar de plek van het gevecht. De Hobbits zijn al vertrokken met de Enten, maar de drie vinden tot hun verbazing wel Gandalf. Deze blijkt na zijn dood door de Balrog te zijn herboren als de sterkere Gandalf de Witte. Het viertal reist af naar Edoras, waar Gandalf Sarumans macht over de koning verbreekt. Nu Théoden weer bij kennis is, laat hij zijn volk evacueren naar een vallei genaamd Helmsdiepte. Gandalf vertrekt om Éomer en zijn soldaten te vinden. Gríma Slangtong, die door Théoden verbannen was, vlucht naar Isengard om Saruman het nieuws te vertellen. Saruman besluit met zijn leger Helmsdiepte aan te vallen. Het leger van Rohan, dat op weg is naar Helmsdiepte, wordt aangevallen door de Warg-ruiters van Saruman, geleid door Sharku. Tijdens de strijd weet Aragorn Sharku dodelijk te verwonden, waardoor Sharku van zijn Warg valt. Aragorn blijft echter aan één van de beugels van het zadel van Sharku's Warg hangen waardoor hij samen met de Warg vanaf een klif in een rivier stort. Sharku denkt dan ook dat Aragorn dood is en wanneer Gimli hem naar Aragorn vraagt, meldt hij de dood van Aragorn. Dat wenst Legolas op dat moment niet te geloven en maakt Sharku uit voor leugenaar. Sharku lacht nog even sarcastisch en sterft. Aragorn heeft de val echter wonderbaarlijk overleefd, komt uren later op de rivieroever bij, zijn paard heeft hem zowaar opgezocht en hij reist alsnog de anderen achterna naar Helmsdiepte. Onderweg ontwaart hij Sarumans leger van minstens 10.000 Uruk-hai. In Helmsdiepte zijn slechts 300 mensen aanwezig die kunnen vechten.

Gollem krijgt ondertussen een steeds groter conflict met zijn reisgenoten. Zijn goede kant (Sméagol) wil vriend worden met Sam en Frodo. Gedrieën worden ze gevangengenomen door soldaten van Gondor. De leider is Faramir. Hij ontdekt dat Frodo de Ene Ring bezit en wil deze naar zijn vader, de stadhouder van Gondor, brengen om zijn waardigheid te bewijzen.

In Helmsdiepte krijgen de mensen versterking van een groep Elfen uit Lothlórien, geleid door Haldir. Ondertussen proberen Merijn en Pepijn de Enten over te halen Isengard aan te vallen.

In de stromende regen barst de strijd om Helmsdiepte los. De Uruk-hai slagen erin door de muur te breken. Na een hevige strijd dringen de Uruk-hai het fort van Helmsdiepte binnen. Met moeite kunnen Aragorn en de anderen stand houden tot zonsopkomst. Bij zonsopkomst verschijnt Gandalf met Éomer en tweeduizend soldaten. Dit leger slaagt erin de Uruk-hai te verslaan. Bij Isengard besluiten de Enten aanvankelijk niet ten strijde te trekken tegen Saruman, maar wanneer ze de ravage zien die Saruman heeft aangericht in het bos rondom Isengard veranderen ze van gedachten. De Enten vernietigen Sarumans kamp, en zorgen ervoor dat Saruman niet uit zijn toren kan.

In de ruïnes van Osgiliath worden Faramir en de Hobbits aangevallen door een Nazgûl. Sam kan Faramir overtuigen hem, Frodo en Gollem te laten gaan om de Ring te vernietigen, aangezien dat aan alle ellende een eind maakt. Samen met Gollem vertrekken de twee Hobbits weer. Gollem voelt zich verraden door de Hobbits daar ze hem niet hielpen toen Faramirs mannen hem vingen, en hij vervalt weer in zijn oude gedrag. Beseffend dat hij de Hobbits zelf niet aankan, besluit hij ze naar Shelob te lokken.
